WELSPECS
 --	WELL	GROUP	I	J	BHP_DEPTH	PHASE	DR	FLAG	SHUT	CROSS	
 	A1	MYGRP	1	1	2000	OIL	1*	SHUT	YES	1*	/
 	A2	MYGRP	1	1	2000	OIL	1*	SHUT	YES	1*	/
 /											

WELOPEN
A1 /
A2 /
/

COMPDAT
 A2 1 1 1 1 OPEN 0 10 0.2 2 0 1* 1* 1* /
 A2 2 1 1 1 OPEN 0 10 0.2 2 0 1* 1* 1* /
 A2 3 1 1 1 OPEN 0 10 0.2 2 0 1* 1* 1* /
 A2 4 1 1 1 OPEN 0 10 0.2 2 0 1* 1* 1* /
/


